<?xml version="1.0"?>
<link_info>
   <banner>TI ARM Linker PC v5.2.2</banner>
   <copyright>Copyright (c) 1996-2015 Texas Instruments Incorporated</copyright>
   <link_time>0x583f550c</link_time>
   <link_errors>0x0</link_errors>
   <output_file>spi_demo_CNK.out</output_file>
   <entry_point>
      <name>_c_int00</name>
      <address>0x20007ac5</address>
   </entry_point>
   <input_file_list>
      <input_file id="fl-2">
         <path>.\</path>
         <kind>object</kind>
         <file>main_spi_WiFi.obj</file>
         <name>main_spi_WiFi.obj</name>
      </input_file>
      <input_file id="fl-3">
         <path>.\</path>
         <kind>object</kind>
         <file>pinmux_spi_WiFi.obj</file>
         <name>pinmux_spi_WiFi.obj</name>
      </input_file>
      <input_file id="fl-4">
         <path>.\</path>
         <kind>object</kind>
         <file>startup_ccs.obj</file>
         <name>startup_ccs.obj</name>
      </input_file>
      <input_file id="fl-5">
         <path>.\</path>
         <kind>object</kind>
         <file>uart_if.obj</file>
         <name>uart_if.obj</name>
      </input_file>
      <input_file id="fl-12c">
         <path>C:\ti\ccsv6\tools\compiler\ti-cgt-arm_5.2.2\lib\</path>
         <kind>archive</kind>
         <file>rtsv7M4_T_le_v4SPD16_eabi.lib</file>
         <name>boot.obj</name>
      </input_file>
      <input_file id="fl-12d">
         <path>C:\ti\ccsv6\tools\compiler\ti-cgt-arm_5.2.2\lib\</path>
         <kind>archive</kind>
         <file>rtsv7M4_T_le_v4SPD16_eabi.lib</file>
         <name>copy_decompress_none.obj</name>
      </input_file>
      <input_file id="fl-12e">
         <path>C:\ti\ccsv6\tools\compiler\ti-cgt-arm_5.2.2\lib\</path>
         <kind>archive</kind>
         <file>rtsv7M4_T_le_v4SPD16_eabi.lib</file>
         <name>copy_decompress_rle.obj</name>
      </input_file>
      <input_file id="fl-12f">
         <path>C:\ti\ccsv6\tools\compiler\ti-cgt-arm_5.2.2\lib\</path>
         <kind>archive</kind>
         <file>rtsv7M4_T_le_v4SPD16_eabi.lib</file>
         <name>copy_zero_init.obj</name>
      </input_file>
      <input_file id="fl-130">
         <path>C:\ti\ccsv6\tools\compiler\ti-cgt-arm_5.2.2\lib\</path>
         <kind>archive</kind>
         <file>rtsv7M4_T_le_v4SPD16_eabi.lib</file>
         <name>exit.obj</name>
      </input_file>
      <input_file id="fl-131">
         <path>C:\ti\ccsv6\tools\compiler\ti-cgt-arm_5.2.2\lib\</path>
         <kind>archive</kind>
         <file>rtsv7M4_T_le_v4SPD16_eabi.lib</file>
         <name>memcpy_t2.obj</name>
      </input_file>
      <input_file id="fl-132">
         <path>C:\ti\ccsv6\tools\compiler\ti-cgt-arm_5.2.2\lib\</path>
         <kind>archive</kind>
         <file>rtsv7M4_T_le_v4SPD16_eabi.lib</file>
         <name>memmov.obj</name>
      </input_file>
      <input_file id="fl-133">
         <path>C:\ti\ccsv6\tools\compiler\ti-cgt-arm_5.2.2\lib\</path>
         <kind>archive</kind>
         <file>rtsv7M4_T_le_v4SPD16_eabi.lib</file>
         <name>memory.obj</name>
      </input_file>
      <input_file id="fl-134">
         <path>C:\ti\ccsv6\tools\compiler\ti-cgt-arm_5.2.2\lib\</path>
         <kind>archive</kind>
         <file>rtsv7M4_T_le_v4SPD16_eabi.lib</file>
         <name>memset_t2.obj</name>
      </input_file>
      <input_file id="fl-135">
         <path>C:\ti\ccsv6\tools\compiler\ti-cgt-arm_5.2.2\lib\</path>
         <kind>archive</kind>
         <file>rtsv7M4_T_le_v4SPD16_eabi.lib</file>
         <name>pre_init.obj</name>
      </input_file>
      <input_file id="fl-136">
         <path>C:\ti\ccsv6\tools\compiler\ti-cgt-arm_5.2.2\lib\</path>
         <kind>archive</kind>
         <file>rtsv7M4_T_le_v4SPD16_eabi.lib</file>
         <name>stkdepth_vars.obj</name>
      </input_file>
      <input_file id="fl-137">
         <path>C:\ti\ccsv6\tools\compiler\ti-cgt-arm_5.2.2\lib\</path>
         <kind>archive</kind>
         <file>rtsv7M4_T_le_v4SPD16_eabi.lib</file>
         <name>strcmp.obj</name>
      </input_file>
      <input_file id="fl-138">
         <path>C:\ti\ccsv6\tools\compiler\ti-cgt-arm_5.2.2\lib\</path>
         <kind>archive</kind>
         <file>rtsv7M4_T_le_v4SPD16_eabi.lib</file>
         <name>strlen.obj</name>
      </input_file>
      <input_file id="fl-139">
         <path>C:\ti\ccsv6\tools\compiler\ti-cgt-arm_5.2.2\lib\</path>
         <kind>archive</kind>
         <file>rtsv7M4_T_le_v4SPD16_eabi.lib</file>
         <name>strtok.obj</name>
      </input_file>
      <input_file id="fl-13a">
         <path>C:\ti\ccsv6\tools\compiler\ti-cgt-arm_5.2.2\lib\</path>
         <kind>archive</kind>
         <file>rtsv7M4_T_le_v4SPD16_eabi.lib</file>
         <name>vsnprintf.obj</name>
      </input_file>
      <input_file id="fl-13b">
         <path>C:\ti\ccsv6\tools\compiler\ti-cgt-arm_5.2.2\lib\</path>
         <kind>archive</kind>
         <file>rtsv7M4_T_le_v4SPD16_eabi.lib</file>
         <name>_lock.obj</name>
      </input_file>
      <input_file id="fl-13c">
         <path>C:\ti\ccsv6\tools\compiler\ti-cgt-arm_5.2.2\lib\</path>
         <kind>archive</kind>
         <file>rtsv7M4_T_le_v4SPD16_eabi.lib</file>
         <name>_printfi.obj</name>
      </input_file>
      <input_file id="fl-13d">
         <path>C:\ti\ccsv6\tools\compiler\ti-cgt-arm_5.2.2\lib\</path>
         <kind>archive</kind>
         <file>rtsv7M4_T_le_v4SPD16_eabi.lib</file>
         <name>args_main.obj</name>
      </input_file>
      <input_file id="fl-13e">
         <path>C:\ti\ccsv6\tools\compiler\ti-cgt-arm_5.2.2\lib\</path>
         <kind>archive</kind>
         <file>rtsv7M4_T_le_v4SPD16_eabi.lib</file>
         <name>atoi.obj</name>
      </input_file>
      <input_file id="fl-13f">
         <path>C:\ti\ccsv6\tools\compiler\ti-cgt-arm_5.2.2\lib\</path>
         <kind>archive</kind>
         <file>rtsv7M4_T_le_v4SPD16_eabi.lib</file>
         <name>autoinit.obj</name>
      </input_file>
      <input_file id="fl-140">
         <path>C:\ti\ccsv6\tools\compiler\ti-cgt-arm_5.2.2\lib\</path>
         <kind>archive</kind>
         <file>rtsv7M4_T_le_v4SPD16_eabi.lib</file>
         <name>cpy_tbl.obj</name>
      </input_file>
      <input_file id="fl-141">
         <path>C:\ti\ccsv6\tools\compiler\ti-cgt-arm_5.2.2\lib\</path>
         <kind>archive</kind>
         <file>rtsv7M4_T_le_v4SPD16_eabi.lib</file>
         <name>ctype.obj</name>
      </input_file>
      <input_file id="fl-142">
         <path>C:\ti\ccsv6\tools\compiler\ti-cgt-arm_5.2.2\lib\</path>
         <kind>archive</kind>
         <file>rtsv7M4_T_le_v4SPD16_eabi.lib</file>
         <name>fd_add_t2.obj</name>
      </input_file>
      <input_file id="fl-143">
         <path>C:\ti\ccsv6\tools\compiler\ti-cgt-arm_5.2.2\lib\</path>
         <kind>archive</kind>
         <file>rtsv7M4_T_le_v4SPD16_eabi.lib</file>
         <name>fd_cmp_t2.obj</name>
      </input_file>
      <input_file id="fl-144">
         <path>C:\ti\ccsv6\tools\compiler\ti-cgt-arm_5.2.2\lib\</path>
         <kind>archive</kind>
         <file>rtsv7M4_T_le_v4SPD16_eabi.lib</file>
         <name>fd_div_t2.obj</name>
      </input_file>
      <input_file id="fl-145">
         <path>C:\ti\ccsv6\tools\compiler\ti-cgt-arm_5.2.2\lib\</path>
         <kind>archive</kind>
         <file>rtsv7M4_T_le_v4SPD16_eabi.lib</file>
         <name>fd_mul_t2.obj</name>
      </input_file>
      <input_file id="fl-146">
         <path>C:\ti\ccsv6\tools\compiler\ti-cgt-arm_5.2.2\lib\</path>
         <kind>archive</kind>
         <file>rtsv7M4_T_le_v4SPD16_eabi.lib</file>
         <name>fd_toi_t2.obj</name>
      </input_file>
      <input_file id="fl-147">
         <path>C:\ti\ccsv6\tools\compiler\ti-cgt-arm_5.2.2\lib\</path>
         <kind>archive</kind>
         <file>rtsv7M4_T_le_v4SPD16_eabi.lib</file>
         <name>frexp.obj</name>
      </input_file>
      <input_file id="fl-148">
         <path>C:\ti\ccsv6\tools\compiler\ti-cgt-arm_5.2.2\lib\</path>
         <kind>archive</kind>
         <file>rtsv7M4_T_le_v4SPD16_eabi.lib</file>
         <name>i_tofd_t2.obj</name>
      </input_file>
      <input_file id="fl-149">
         <path>C:\ti\ccsv6\tools\compiler\ti-cgt-arm_5.2.2\lib\</path>
         <kind>archive</kind>
         <file>rtsv7M4_T_le_v4SPD16_eabi.lib</file>
         <name>ldexp.obj</name>
      </input_file>
      <input_file id="fl-14a">
         <path>C:\ti\ccsv6\tools\compiler\ti-cgt-arm_5.2.2\lib\</path>
         <kind>archive</kind>
         <file>rtsv7M4_T_le_v4SPD16_eabi.lib</file>
         <name>ltoa.obj</name>
      </input_file>
      <input_file id="fl-14b">
         <path>C:\ti\ccsv6\tools\compiler\ti-cgt-arm_5.2.2\lib\</path>
         <kind>archive</kind>
         <file>rtsv7M4_T_le_v4SPD16_eabi.lib</file>
         <name>memccpy.obj</name>
      </input_file>
      <input_file id="fl-14c">
         <path>C:\ti\ccsv6\tools\compiler\ti-cgt-arm_5.2.2\lib\</path>
         <kind>archive</kind>
         <file>rtsv7M4_T_le_v4SPD16_eabi.lib</file>
         <name>strchr.obj</name>
      </input_file>
      <input_file id="fl-14d">
         <path>C:\ti\ccsv6\tools\compiler\ti-cgt-arm_5.2.2\lib\</path>
         <kind>archive</kind>
         <file>rtsv7M4_T_le_v4SPD16_eabi.lib</file>
         <name>strcspn.obj</name>
      </input_file>
      <input_file id="fl-14e">
         <path>C:\ti\ccsv6\tools\compiler\ti-cgt-arm_5.2.2\lib\</path>
         <kind>archive</kind>
         <file>rtsv7M4_T_le_v4SPD16_eabi.lib</file>
         <name>strspn.obj</name>
      </input_file>
      <input_file id="fl-14f">
         <path>C:\ti\ccsv6\tools\compiler\ti-cgt-arm_5.2.2\lib\</path>
         <kind>archive</kind>
         <file>rtsv7M4_T_le_v4SPD16_eabi.lib</file>
         <name>ull_div_t2.obj</name>
      </input_file>
      <input_file id="fl-150">
         <path>C:\ti\ccsv6\tools\compiler\ti-cgt-arm_5.2.2\lib\</path>
         <kind>archive</kind>
         <file>rtsv7M4_T_le_v4SPD16_eabi.lib</file>
         <name>xdclass.obj</name>
      </input_file>
      <input_file id="fl-151">
         <path>C:\ti\ccsv6\tools\compiler\ti-cgt-arm_5.2.2\lib\</path>
         <kind>archive</kind>
         <file>rtsv7M4_T_le_v4SPD16_eabi.lib</file>
         <name>xdscale.obj</name>
      </input_file>
      <input_file id="fl-152">
         <path>C:\ti\ccsv6\tools\compiler\ti-cgt-arm_5.2.2\lib\</path>
         <kind>archive</kind>
         <file>rtsv7M4_T_le_v4SPD16_eabi.lib</file>
         <name>xdunscal.obj</name>
      </input_file>
      <input_file id="fl-153">
         <path>C:\ti\ccsv6\tools\compiler\ti-cgt-arm_5.2.2\lib\</path>
         <kind>archive</kind>
         <file>rtsv7M4_T_le_v4SPD16_eabi.lib</file>
         <name>xferaise.obj</name>
      </input_file>
      <input_file id="fl-154">
         <path>C:\ti\ccsv6\tools\compiler\ti-cgt-arm_5.2.2\lib\</path>
         <kind>archive</kind>
         <file>rtsv7M4_T_le_v4SPD16_eabi.lib</file>
         <name>xvalues.obj</name>
      </input_file>
      <input_file id="fl-155">
         <path>C:\ti\ccsv6\tools\compiler\ti-cgt-arm_5.2.2\lib\</path>
         <kind>archive</kind>
         <file>rtsv7M4_T_le_v4SPD16_eabi.lib</file>
         <name>errno.obj</name>
      </input_file>
      <input_file id="fl-156">
         <path>C:\ti\ccsv6\tools\compiler\ti-cgt-arm_5.2.2\lib\</path>
         <kind>archive</kind>
         <file>rtsv7M4_T_le_v4SPD16_eabi.lib</file>
         <name>feraiseexcept.obj</name>
      </input_file>
      <input_file id="fl-157">
         <path>C:\ti\ccsv6\tools\compiler\ti-cgt-arm_5.2.2\lib\</path>
         <kind>archive</kind>
         <file>rtsv7M4_T_le_v4SPD16_eabi.lib</file>
         <name>raise.obj</name>
      </input_file>
      <input_file id="fl-158">
         <path>C:\ti\ccsv6\tools\compiler\ti-cgt-arm_5.2.2\lib\</path>
         <kind>archive</kind>
         <file>rtsv7M4_T_le_v4SPD16_eabi.lib</file>
         <name>signal.obj</name>
      </input_file>
      <input_file id="fl-159">
         <path>C:\ti\ccsv6\tools\compiler\ti-cgt-arm_5.2.2\lib\</path>
         <kind>archive</kind>
         <file>rtsv7M4_T_le_v4SPD16_eabi.lib</file>
         <name>xdnorm.obj</name>
      </input_file>
      <input_file id="fl-15a">
         <path>C:\ti\CC3200SDK_1.1.0\cc3200-sdk\driverlib\ccs\Release\</path>
         <kind>archive</kind>
         <file>driverlib.a</file>
         <name>gpio.obj</name>
      </input_file>
      <input_file id="fl-15b">
         <path>C:\ti\CC3200SDK_1.1.0\cc3200-sdk\driverlib\ccs\Release\</path>
         <kind>archive</kind>
         <file>driverlib.a</file>
         <name>interrupt.obj</name>
      </input_file>
      <input_file id="fl-15c">
         <path>C:\ti\CC3200SDK_1.1.0\cc3200-sdk\driverlib\ccs\Release\</path>
         <kind>archive</kind>
         <file>driverlib.a</file>
         <name>pin.obj</name>
      </input_file>
      <input_file id="fl-15d">
         <path>C:\ti\CC3200SDK_1.1.0\cc3200-sdk\driverlib\ccs\Release\</path>
         <kind>archive</kind>
         <file>driverlib.a</file>
         <name>prcm.obj</name>
      </input_file>
      <input_file id="fl-15e">
         <path>C:\ti\CC3200SDK_1.1.0\cc3200-sdk\driverlib\ccs\Release\</path>
         <kind>archive</kind>
         <file>driverlib.a</file>
         <name>spi.obj</name>
      </input_file>
      <input_file id="fl-15f">
         <path>C:\ti\CC3200SDK_1.1.0\cc3200-sdk\driverlib\ccs\Release\</path>
         <kind>archive</kind>
         <file>driverlib.a</file>
         <name>uart.obj</name>
      </input_file>
      <input_file id="fl-160">
         <path>C:\ti\CC3200SDK_1.1.0\cc3200-sdk\driverlib\ccs\Release\</path>
         <kind>archive</kind>
         <file>driverlib.a</file>
         <name>utils.obj</name>
      </input_file>
      <input_file id="fl-161">
         <path>C:\ti\CC3200SDK_1.1.0\cc3200-sdk\driverlib\ccs\Release\</path>
         <kind>archive</kind>
         <file>driverlib.a</file>
         <name>cpu.obj</name>
      </input_file>
      <input_file id="fl-162">
         <path>C:\ti\CC3200SDK_1.1.0\cc3200-sdk\driverlib\ccs\Release\</path>
         <kind>archive</kind>
         <file>driverlib.a</file>
         <name>flash.obj</name>
      </input_file>
      <input_file id="fl-163">
         <path>C:\ti\ccsv6\tools\compiler\ti-cgt-arm_5.2.2\lib\</path>
         <kind>archive</kind>
         <file>rtsv7M4_T_le_v4SPD16_eabi.lib</file>
         <name>ll_lsr_t2.obj</name>
      </input_file>
   </input_file_list>
   <object_component_list>
      <object_component id="oc-f">
         <name>.intvecs</name>
         <load_address>0x20004000</load_address>
         <run_address>0x20004000</run_address>
         <size>0x400</size>
         <input_file_ref idref="fl-4"/>
      </object_component>
      <object_component id="oc-290">
         <name>.text</name>
         <load_address>0x20004400</load_address>
         <run_address>0x20004400</run_address>
         <size>0x10ba</size>
         <input_file_ref idref="fl-13c"/>
      </object_component>
      <object_component id="oc-9f">
         <name>.text</name>
         <load_address>0x200054bc</load_address>
         <run_address>0x200054bc</run_address>
         <size>0x9ec</size>
         <input_file_ref idref="fl-2"/>
      </object_component>
      <object_component id="oc-1ca">
         <name>.text</name>
         <load_address>0x20005ea8</load_address>
         <run_address>0x20005ea8</run_address>
         <size>0x3dc</size>
         <input_file_ref idref="fl-133"/>
      </object_component>
      <object_component id="oc-e4">
         <name>.text</name>
         <load_address>0x20006284</load_address>
         <run_address>0x20006284</run_address>
         <size>0x26c</size>
         <input_file_ref idref="fl-5"/>
      </object_component>
      <object_component id="oc-2dd">
         <name>.text</name>
         <load_address>0x200064f0</load_address>
         <run_address>0x200064f0</run_address>
         <size>0x1f4</size>
         <input_file_ref idref="fl-14f"/>
      </object_component>
      <object_component id="oc-149">
         <name>.text</name>
         <load_address>0x200066e4</load_address>
         <run_address>0x200066e4</run_address>
         <size>0x1dc</size>
         <input_file_ref idref="fl-3"/>
      </object_component>
      <object_component id="oc-306">
         <name>.text</name>
         <load_address>0x200068c0</load_address>
         <run_address>0x200068c0</run_address>
         <size>0x1b6</size>
         <input_file_ref idref="fl-142"/>
      </object_component>
      <object_component id="oc-2ec">
         <name>.text</name>
         <load_address>0x20006a76</load_address>
         <run_address>0x20006a76</run_address>
         <size>0x136</size>
         <input_file_ref idref="fl-144"/>
      </object_component>
      <object_component id="oc-143">
         <name>.text:PRCMCC3200MCUInit</name>
         <load_address>0x20006bac</load_address>
         <run_address>0x20006bac</run_address>
         <size>0x134</size>
         <input_file_ref idref="fl-15d"/>
      </object_component>
      <object_component id="oc-360">
         <name>.text</name>
         <load_address>0x20006ce0</load_address>
         <run_address>0x20006ce0</run_address>
         <size>0x110</size>
         <input_file_ref idref="fl-151"/>
      </object_component>
      <object_component id="oc-2e7">
         <name>.text</name>
         <load_address>0x20006df0</load_address>
         <run_address>0x20006df0</run_address>
         <size>0xfc</size>
         <input_file_ref idref="fl-145"/>
      </object_component>
      <object_component id="oc-1ef">
         <name>.text:SPITransfer32</name>
         <load_address>0x20006eec</load_address>
         <run_address>0x20006eec</run_address>
         <size>0xd0</size>
         <input_file_ref idref="fl-15e"/>
      </object_component>
      <object_component id="oc-1e9">
         <name>.text:SPITransfer16</name>
         <load_address>0x20006fbc</load_address>
         <run_address>0x20006fbc</run_address>
         <size>0xce</size>
         <input_file_ref idref="fl-15e"/>
      </object_component>
      <object_component id="oc-384">
         <name>.text</name>
         <load_address>0x2000708a</load_address>
         <run_address>0x2000708a</run_address>
         <size>0xbe</size>
         <input_file_ref idref="fl-159"/>
      </object_component>
      <object_component id="oc-1e3">
         <name>.text:SPITransfer8</name>
         <load_address>0x20007148</load_address>
         <run_address>0x20007148</run_address>
         <size>0xb8</size>
         <input_file_ref idref="fl-15e"/>
      </object_component>
      <object_component id="oc-13d">
         <name>.text:IntEnable</name>
         <load_address>0x20007200</load_address>
         <run_address>0x20007200</run_address>
         <size>0xa8</size>
         <input_file_ref idref="fl-15b"/>
      </object_component>
      <object_component id="oc-f6">
         <name>.text:SPIConfigSetExpClk</name>
         <load_address>0x200072a8</load_address>
         <run_address>0x200072a8</run_address>
         <size>0xa0</size>
         <input_file_ref idref="fl-15e"/>
      </object_component>
      <object_component id="oc-36">
         <name>.text</name>
         <load_address>0x20007348</load_address>
         <run_address>0x20007348</run_address>
         <size>0x9c</size>
         <input_file_ref idref="fl-131"/>
      </object_component>
      <object_component id="oc-f0">
         <name>.text:PRCMPeripheralClockGet</name>
         <load_address>0x200073e4</load_address>
         <run_address>0x200073e4</run_address>
         <size>0x94</size>
         <input_file_ref idref="fl-15d"/>
      </object_component>
      <object_component id="oc-268">
         <name>.text:PinConfigSet</name>
         <load_address>0x20007478</load_address>
         <run_address>0x20007478</run_address>
         <size>0x88</size>
         <input_file_ref idref="fl-15c"/>
      </object_component>
      <object_component id="oc-108">
         <name>.text:SPITransfer</name>
         <load_address>0x20007500</load_address>
         <run_address>0x20007500</run_address>
         <size>0x88</size>
         <input_file_ref idref="fl-15e"/>
      </object_component>
      <object_component id="oc-1b8">
         <name>.text</name>
         <load_address>0x20007588</load_address>
         <run_address>0x20007588</run_address>
         <size>0x88</size>
         <input_file_ref idref="fl-13a"/>
      </object_component>
      <object_component id="oc-2e2">
         <name>.text:__aeabi_cdcmple</name>
         <load_address>0x20007610</load_address>
         <run_address>0x20007610</run_address>
         <size>0x86</size>
         <input_file_ref idref="fl-143"/>
      </object_component>
      <object_component id="oc-2f1">
         <name>.text:__aeabi_cdrcmple</name>
         <load_address>0x20007696</load_address>
         <run_address>0x20007696</run_address>
         <size>0x86</size>
         <input_file_ref idref="fl-143"/>
      </object_component>
      <object_component id="oc-cc">
         <name>.text:SPIIntStatus</name>
         <load_address>0x2000771c</load_address>
         <run_address>0x2000771c</run_address>
         <size>0x7c</size>
         <input_file_ref idref="fl-15e"/>
      </object_component>
      <object_component id="oc-4f">
         <name>.text</name>
         <load_address>0x20007798</load_address>
         <run_address>0x20007798</run_address>
         <size>0x7a</size>
         <input_file_ref idref="fl-134"/>
      </object_component>
      <object_component id="oc-1ac">
         <name>.text:UARTConfigSetExpClk</name>
         <load_address>0x20007812</load_address>
         <run_address>0x20007812</run_address>
         <size>0x76</size>
         <input_file_ref idref="fl-15f"/>
      </object_component>
      <object_component id="oc-61">
         <name>.text</name>
         <load_address>0x20007888</load_address>
         <run_address>0x20007888</run_address>
         <size>0x6c</size>
         <input_file_ref idref="fl-13f"/>
      </object_component>
      <object_component id="oc-42">
         <name>.text</name>
         <load_address>0x200078f4</load_address>
         <run_address>0x200078f4</run_address>
         <size>0x6a</size>
         <input_file_ref idref="fl-12e"/>
      </object_component>
      <object_component id="oc-358">
         <name>.text</name>
         <load_address>0x2000795e</load_address>
         <run_address>0x2000795e</run_address>
         <size>0x66</size>
         <input_file_ref idref="fl-152"/>
      </object_component>
      <object_component id="oc-179">
         <name>.text:PRCMPeripheralReset</name>
         <load_address>0x200079c4</load_address>
         <run_address>0x200079c4</run_address>
         <size>0x58</size>
         <input_file_ref idref="fl-15d"/>
      </object_component>
      <object_component id="oc-2fb">
         <name>.text</name>
         <load_address>0x20007a1c</load_address>
         <run_address>0x20007a1c</run_address>
         <size>0x56</size>
         <input_file_ref idref="fl-14a"/>
      </object_component>
      <object_component id="oc-311">
         <name>.text</name>
         <load_address>0x20007a72</load_address>
         <run_address>0x20007a72</run_address>
         <size>0x52</size>
         <input_file_ref idref="fl-149"/>
      </object_component>
      <object_component id="oc-24">
         <name>.text</name>
         <load_address>0x20007ac4</load_address>
         <run_address>0x20007ac4</run_address>
         <size>0x50</size>
         <input_file_ref idref="fl-12c"/>
      </object_component>
      <object_component id="oc-12b">
         <name>.text:SPIIntEnable</name>
         <load_address>0x20007b14</load_address>
         <run_address>0x20007b14</run_address>
         <size>0x4c</size>
         <input_file_ref idref="fl-15e"/>
      </object_component>
      <object_component id="oc-1fe">
         <name>.text:SPIIntNumberGet</name>
         <load_address>0x20007b60</load_address>
         <run_address>0x20007b60</run_address>
         <size>0x4c</size>
         <input_file_ref idref="fl-15e"/>
      </object_component>
      <object_component id="oc-329">
         <name>.text</name>
         <load_address>0x20007bac</load_address>
         <run_address>0x20007bac</run_address>
         <size>0x4c</size>
         <input_file_ref idref="fl-13e"/>
      </object_component>
      <object_component id="oc-97">
         <name>.text</name>
         <load_address>0x20007bf8</load_address>
         <run_address>0x20007bf8</run_address>
         <size>0x4c</size>
         <input_file_ref idref="fl-140"/>
      </object_component>
      <object_component id="oc-d2">
         <name>.text:SPIIntClear</name>
         <load_address>0x20007c44</load_address>
         <run_address>0x20007c44</run_address>
         <size>0x48</size>
         <input_file_ref idref="fl-15e"/>
      </object_component>
      <object_component id="oc-2f6">
         <name>.text</name>
         <load_address>0x20007c8c</load_address>
         <run_address>0x20007c8c</run_address>
         <size>0x48</size>
         <input_file_ref idref="fl-146"/>
      </object_component>
      <object_component id="oc-19c">
         <name>.text:SPIDmaMaskGet</name>
         <load_address>0x20007cd4</load_address>
         <run_address>0x20007cd4</run_address>
         <size>0x44</size>
         <input_file_ref idref="fl-15e"/>
      </object_component>
      <object_component id="oc-6d">
         <name>.text</name>
         <load_address>0x20007d18</load_address>
         <run_address>0x20007d18</run_address>
         <size>0x44</size>
         <input_file_ref idref="fl-130"/>
      </object_component>
      <object_component id="oc-26e">
         <name>.text:PinModeSet</name>
         <load_address>0x20007d5c</load_address>
         <run_address>0x20007d5c</run_address>
         <size>0x40</size>
         <input_file_ref idref="fl-15c"/>
      </object_component>
      <object_component id="oc-3c7">
         <name>.text</name>
         <load_address>0x20007d9c</load_address>
         <run_address>0x20007d9c</run_address>
         <size>0x40</size>
         <input_file_ref idref="fl-158"/>
      </object_component>
      <object_component id="oc-15b">
         <name>.text</name>
         <load_address>0x20007ddc</load_address>
         <run_address>0x20007ddc</run_address>
         <size>0x40</size>
         <input_file_ref idref="fl-139"/>
      </object_component>
      <object_component id="oc-155">
         <name>.text:PRCMPeripheralClkEnable</name>
         <load_address>0x20007e1c</load_address>
         <run_address>0x20007e1c</run_address>
         <size>0x3c</size>
         <input_file_ref idref="fl-15d"/>
      </object_component>
      <object_component id="oc-16d">
         <name>.text:GPIODirModeSet</name>
         <load_address>0x20007e58</load_address>
         <run_address>0x20007e58</run_address>
         <size>0x36</size>
         <input_file_ref idref="fl-15a"/>
      </object_component>
      <object_component id="oc-393">
         <name>.text</name>
         <load_address>0x20007e90</load_address>
         <run_address>0x20007e90</run_address>
         <size>0x34</size>
         <input_file_ref idref="fl-156"/>
      </object_component>
      <object_component id="oc-167">
         <name>.text:PinTypeGPIO</name>
         <load_address>0x20007ec4</load_address>
         <run_address>0x20007ec4</run_address>
         <size>0x30</size>
         <input_file_ref idref="fl-15c"/>
      </object_component>
      <object_component id="oc-282">
         <name>.text:UARTDisable</name>
         <load_address>0x20007ef4</load_address>
         <run_address>0x20007ef4</run_address>
         <size>0x30</size>
         <input_file_ref idref="fl-15f"/>
      </object_component>
      <object_component id="oc-31d">
         <name>.text</name>
         <load_address>0x20007f24</load_address>
         <run_address>0x20007f24</run_address>
         <size>0x30</size>
         <input_file_ref idref="fl-150"/>
      </object_component>
      <object_component id="oc-366">
         <name>.text</name>
         <load_address>0x20007f54</load_address>
         <run_address>0x20007f54</run_address>
         <size>0x30</size>
         <input_file_ref idref="fl-153"/>
      </object_component>
      <object_component id="oc-301">
         <name>.text</name>
         <load_address>0x20007f84</load_address>
         <run_address>0x20007f84</run_address>
         <size>0x2e</size>
         <input_file_ref idref="fl-148"/>
      </object_component>
      <object_component id="oc-3b7">
         <name>.text</name>
         <load_address>0x20007fb2</load_address>
         <run_address>0x20007fb2</run_address>
         <size>0x2e</size>
         <input_file_ref idref="fl-157"/>
      </object_component>
      <object_component id="oc-22a">
         <name>.text:PRCMSysResetCauseGet</name>
         <load_address>0x20007fe0</load_address>
         <run_address>0x20007fe0</run_address>
         <size>0x2c</size>
         <input_file_ref idref="fl-15d"/>
      </object_component>
      <object_component id="oc-de">
         <name>.text:SPIDataGetNonBlocking</name>
         <load_address>0x2000800c</load_address>
         <run_address>0x2000800c</run_address>
         <size>0x2a</size>
         <input_file_ref idref="fl-15e"/>
      </object_component>
      <object_component id="oc-30b">
         <name>.text</name>
         <load_address>0x20008036</load_address>
         <run_address>0x20008036</run_address>
         <size>0x2a</size>
         <input_file_ref idref="fl-147"/>
      </object_component>
      <object_component id="oc-255">
         <name>.text</name>
         <load_address>0x20008060</load_address>
         <run_address>0x20008060</run_address>
         <size>0x2a</size>
         <input_file_ref idref="fl-14e"/>
      </object_component>
      <object_component id="oc-224">
         <name>.text:PRCMPeripheralClkDisable</name>
         <load_address>0x2000808c</load_address>
         <run_address>0x2000808c</run_address>
         <size>0x28</size>
         <input_file_ref idref="fl-15d"/>
      </object_component>
      <object_component id="oc-288">
         <name>.text:UARTEnable</name>
         <load_address>0x200080b4</load_address>
         <run_address>0x200080b4</run_address>
         <size>0x24</size>
         <input_file_ref idref="fl-15f"/>
      </object_component>
      <object_component id="oc-1c4">
         <name>.text</name>
         <load_address>0x200080d8</load_address>
         <run_address>0x200080d8</run_address>
         <size>0x24</size>
         <input_file_ref idref="fl-132"/>
      </object_component>
      <object_component id="oc-25b">
         <name>.text</name>
         <load_address>0x200080fc</load_address>
         <run_address>0x200080fc</run_address>
         <size>0x24</size>
         <input_file_ref idref="fl-14d"/>
      </object_component>
      <object_component id="oc-ea">
         <name>.text:SPIReset</name>
         <load_address>0x20008120</load_address>
         <run_address>0x20008120</run_address>
         <size>0x22</size>
         <input_file_ref idref="fl-15e"/>
      </object_component>
      <object_component id="oc-14f">
         <name>.text:GPIOPinWrite</name>
         <load_address>0x20008142</load_address>
         <run_address>0x20008142</run_address>
         <size>0x20</size>
         <input_file_ref idref="fl-15a"/>
      </object_component>
      <object_component id="oc-204">
         <name>.text:IntRegister</name>
         <load_address>0x20008164</load_address>
         <run_address>0x20008164</run_address>
         <size>0x20</size>
         <input_file_ref idref="fl-15b"/>
      </object_component>
      <object_component id="oc-d8">
         <name>.text:SPIDataPut</name>
         <load_address>0x20008184</load_address>
         <run_address>0x20008184</run_address>
         <size>0x1e</size>
         <input_file_ref idref="fl-15e"/>
      </object_component>
      <object_component id="oc-125">
         <name>.text:SPIIntRegister</name>
         <load_address>0x200081a2</load_address>
         <run_address>0x200081a2</run_address>
         <size>0x1e</size>
         <input_file_ref idref="fl-15e"/>
      </object_component>
      <object_component id="oc-1b2">
         <name>.text:UARTCharPut</name>
         <load_address>0x200081c0</load_address>
         <run_address>0x200081c0</run_address>
         <size>0x1e</size>
         <input_file_ref idref="fl-15f"/>
      </object_component>
      <object_component id="oc-249">
         <name>.text:PinTypeI2C</name>
         <load_address>0x200081de</load_address>
         <run_address>0x200081de</run_address>
         <size>0x1c</size>
         <input_file_ref idref="fl-15c"/>
      </object_component>
      <object_component id="oc-323">
         <name>.text</name>
         <load_address>0x200081fa</load_address>
         <run_address>0x200081fa</run_address>
         <size>0x1c</size>
         <input_file_ref idref="fl-14b"/>
      </object_component>
      <object_component id="oc-23d">
         <name>.text:PinTypeSPI</name>
         <load_address>0x20008216</load_address>
         <run_address>0x20008216</run_address>
         <size>0x1a</size>
         <input_file_ref idref="fl-15c"/>
      </object_component>
      <object_component id="oc-237">
         <name>.text:PinTypeTimer</name>
         <load_address>0x20008230</load_address>
         <run_address>0x20008230</run_address>
         <size>0x1a</size>
         <input_file_ref idref="fl-15c"/>
      </object_component>
      <object_component id="oc-243">
         <name>.text:PinTypeUART</name>
         <load_address>0x2000824a</load_address>
         <run_address>0x2000824a</run_address>
         <size>0x1a</size>
         <input_file_ref idref="fl-15c"/>
      </object_component>
      <object_component id="oc-173">
         <name>.text:GPIOPinRead</name>
         <load_address>0x20008264</load_address>
         <run_address>0x20008264</run_address>
         <size>0x18</size>
         <input_file_ref idref="fl-15a"/>
      </object_component>
      <object_component id="oc-115">
         <name>.text:SPICSDisable</name>
         <load_address>0x2000827c</load_address>
         <run_address>0x2000827c</run_address>
         <size>0x18</size>
         <input_file_ref idref="fl-15e"/>
      </object_component>
      <object_component id="oc-102">
         <name>.text:SPICSEnable</name>
         <load_address>0x20008294</load_address>
         <run_address>0x20008294</run_address>
         <size>0x18</size>
         <input_file_ref idref="fl-15e"/>
      </object_component>
      <object_component id="oc-fc">
         <name>.text:SPIEnable</name>
         <load_address>0x200082ac</load_address>
         <run_address>0x200082ac</run_address>
         <size>0x18</size>
         <input_file_ref idref="fl-15e"/>
      </object_component>
      <object_component id="oc-67">
         <name>.text</name>
         <load_address>0x200082c4</load_address>
         <run_address>0x200082c4</run_address>
         <size>0x18</size>
         <input_file_ref idref="fl-13d"/>
      </object_component>
      <object_component id="oc-161">
         <name>.text</name>
         <load_address>0x200082dc</load_address>
         <run_address>0x200082dc</run_address>
         <size>0x18</size>
         <input_file_ref idref="fl-137"/>
      </object_component>
      <object_component id="oc-218">
         <name>.text:PRCMHIBRegRead</name>
         <load_address>0x200082f4</load_address>
         <run_address>0x200082f4</run_address>
         <size>0x16</size>
         <input_file_ref idref="fl-15d"/>
      </object_component>
      <object_component id="oc-21e">
         <name>.text:PRCMHIBRegWrite</name>
         <load_address>0x2000830a</load_address>
         <run_address>0x2000830a</run_address>
         <size>0x16</size>
         <input_file_ref idref="fl-15d"/>
      </object_component>
      <object_component id="oc-10f">
         <name>.text:UARTCharGet</name>
         <load_address>0x20008320</load_address>
         <run_address>0x20008320</run_address>
         <size>0x16</size>
         <input_file_ref idref="fl-15f"/>
      </object_component>
      <object_component id="oc-317">
         <name>.text</name>
         <load_address>0x20008336</load_address>
         <run_address>0x20008336</run_address>
         <size>0x16</size>
         <input_file_ref idref="fl-14c"/>
      </object_component>
      <object_component id="oc-20d">
         <name>.text:CPUcpsie</name>
         <load_address>0x2000834c</load_address>
         <run_address>0x2000834c</run_address>
         <size>0x14</size>
         <input_file_ref idref="fl-161"/>
      </object_component>
      <object_component id="oc-131">
         <name>.text:IntVTableBaseSet</name>
         <load_address>0x20008360</load_address>
         <run_address>0x20008360</run_address>
         <size>0x14</size>
         <input_file_ref idref="fl-15b"/>
      </object_component>
      <object_component id="oc-231">
         <name>.text:PinTypeADC</name>
         <load_address>0x20008374</load_address>
         <run_address>0x20008374</run_address>
         <size>0x14</size>
         <input_file_ref idref="fl-15c"/>
      </object_component>
      <object_component id="oc-187">
         <name>.text</name>
         <load_address>0x20008388</load_address>
         <run_address>0x20008388</run_address>
         <size>0x14</size>
         <input_file_ref idref="fl-13b"/>
      </object_component>
      <object_component id="oc-1be">
         <name>.text</name>
         <load_address>0x2000839c</load_address>
         <run_address>0x2000839c</run_address>
         <size>0x14</size>
         <input_file_ref idref="fl-138"/>
      </object_component>
      <object_component id="oc-12">
         <name>.text:decompress:none</name>
         <load_address>0x200083b0</load_address>
         <run_address>0x200083b0</run_address>
         <size>0xe</size>
         <input_file_ref idref="fl-12d"/>
      </object_component>
      <object_component id="oc-2d">
         <name>.text</name>
         <load_address>0x200083be</load_address>
         <run_address>0x200083be</run_address>
         <size>0xe</size>
         <input_file_ref idref="fl-4"/>
      </object_component>
      <object_component id="oc-1e">
         <name>.text:decompress:ZI</name>
         <load_address>0x200083cc</load_address>
         <run_address>0x200083cc</run_address>
         <size>0xc</size>
         <input_file_ref idref="fl-12f"/>
      </object_component>
      <object_component id="oc-137">
         <name>.text:IntMasterEnable</name>
         <load_address>0x200083d8</load_address>
         <run_address>0x200083d8</run_address>
         <size>0xa</size>
         <input_file_ref idref="fl-15b"/>
      </object_component>
      <object_component id="oc-10e">
         <name>.text:UtilsDelay</name>
         <load_address>0x200083e2</load_address>
         <run_address>0x200083e2</run_address>
         <size>0x6</size>
         <input_file_ref idref="fl-160"/>
      </object_component>
      <object_component id="oc-18">
         <name>.text:decompress:rle24</name>
         <load_address>0x200083e8</load_address>
         <run_address>0x200083e8</run_address>
         <size>0x6</size>
         <input_file_ref idref="fl-12e"/>
      </object_component>
      <object_component id="oc-5b">
         <name>.text</name>
         <load_address>0x200083ee</load_address>
         <run_address>0x200083ee</run_address>
         <size>0x4</size>
         <input_file_ref idref="fl-135"/>
      </object_component>
      <object_component id="oc-374">
         <name>.const:.string:_ctypes_</name>
         <load_address>0x200083f4</load_address>
         <run_address>0x200083f4</run_address>
         <size>0x101</size>
         <input_file_ref idref="fl-141"/>
      </object_component>
      <object_component id="oc-2cd">
         <name>.const:g_ulPinToPadMap</name>
         <load_address>0x200084f8</load_address>
         <run_address>0x200084f8</run_address>
         <size>0x100</size>
         <input_file_ref idref="fl-15c"/>
      </object_component>
      <object_component id="oc-251">
         <name>.const:PRCM_PeriphRegsList</name>
         <load_address>0x200085f8</load_address>
         <run_address>0x200085f8</run_address>
         <size>0xa8</size>
         <input_file_ref idref="fl-15d"/>
      </object_component>
      <object_component id="oc-214">
         <name>.const</name>
         <load_address>0x200086a0</load_address>
         <run_address>0x200086a0</run_address>
         <size>0x80</size>
         <input_file_ref idref="fl-15b"/>
      </object_component>
      <object_component id="oc-2af">
         <name>.const:g_ppulSPIIntMap</name>
         <load_address>0x20008720</load_address>
         <run_address>0x20008720</run_address>
         <size>0x24</size>
         <input_file_ref idref="fl-15e"/>
      </object_component>
      <object_component id="oc-27c">
         <name>.const</name>
         <load_address>0x20008744</load_address>
         <run_address>0x20008744</run_address>
         <size>0x18</size>
         <input_file_ref idref="fl-15e"/>
      </object_component>
      <object_component id="oc-40d">
         <name>.cinit..data.load</name>
         <load_address>0x20008760</load_address>
         <run_address>0x20008760</run_address>
         <size>0x4e</size>
      </object_component>
      <object_component id="oc-40b">
         <name>__TI_handler_table</name>
         <load_address>0x200087b0</load_address>
         <run_address>0x200087b0</run_address>
         <size>0xc</size>
      </object_component>
      <object_component id="oc-40e">
         <name>.cinit..bss.load</name>
         <load_address>0x200087c0</load_address>
         <run_address>0x200087c0</run_address>
         <size>0x8</size>
      </object_component>
      <object_component id="oc-40c">
         <name>__TI_cinit_table</name>
         <load_address>0x200087c8</load_address>
         <run_address>0x200087c8</run_address>
         <size>0x10</size>
      </object_component>
      <object_component id="oc-2a">
         <name>.sysmem</name>
         <uninitialized>true</uninitialized>
         <run_address>0x20017000</run_address>
         <size>0x8</size>
         <input_file_ref idref="fl-133"/>
      </object_component>
      <object_component id="oc-410">
         <name>.sysmem</name>
         <uninitialized>true</uninitialized>
         <run_address>0x20017000</run_address>
         <size>0x0</size>
      </object_component>
      <object_component id="oc-29">
         <name>.stack</name>
         <uninitialized>true</uninitialized>
         <run_address>0x2002f800</run_address>
         <size>0x0</size>
         <input_file_ref idref="fl-12c"/>
      </object_component>
      <object_component id="oc-40f">
         <name>.stack</name>
         <uninitialized>true</uninitialized>
         <run_address>0x2002f800</run_address>
         <size>0x0</size>
      </object_component>
      <object_component id="oc-11b">
         <name>.bss:g_ucTxBuff</name>
         <uninitialized>true</uninitialized>
         <run_address>0x200179c4</run_address>
         <size>0x64</size>
         <input_file_ref idref="fl-2"/>
      </object_component>
      <object_component id="oc-122">
         <name>.bss:g_ucRxBuff</name>
         <uninitialized>true</uninitialized>
         <run_address>0x20017960</run_address>
         <size>0x64</size>
         <input_file_ref idref="fl-2"/>
      </object_component>
      <object_component id="oc-11e">
         <name>.common:ucTxBuffNdx</name>
         <uninitialized>true</uninitialized>
         <run_address>0x20017a2d</run_address>
         <size>0x1</size>
      </object_component>
      <object_component id="oc-121">
         <name>.common:ucRxBuffNdx</name>
         <uninitialized>true</uninitialized>
         <run_address>0x20017a2c</run_address>
         <size>0x1</size>
      </object_component>
      <object_component id="oc-1d0">
         <name>.common:__Errorlog</name>
         <uninitialized>true</uninitialized>
         <run_address>0x20017a28</run_address>
         <size>0x4</size>
      </object_component>
      <object_component id="oc-aa">
         <name>.data</name>
         <load_address>0x20017944</load_address>
         <run_address>0x20017944</run_address>
         <size>0x8</size>
         <input_file_ref idref="fl-130"/>
      </object_component>
      <object_component id="oc-2a6">
         <name>.data</name>
         <load_address>0x20017930</load_address>
         <run_address>0x20017930</run_address>
         <size>0xc</size>
         <input_file_ref idref="fl-133"/>
      </object_component>
      <object_component id="oc-73">
         <name>.data</name>
         <load_address>0x20017958</load_address>
         <run_address>0x20017958</run_address>
         <size>0x4</size>
         <input_file_ref idref="fl-136"/>
      </object_component>
      <object_component id="oc-261">
         <name>.data</name>
         <load_address>0x2001795c</load_address>
         <run_address>0x2001795c</run_address>
         <size>0x4</size>
         <input_file_ref idref="fl-139"/>
      </object_component>
      <object_component id="oc-a7">
         <name>.data</name>
         <load_address>0x2001793c</load_address>
         <run_address>0x2001793c</run_address>
         <size>0x8</size>
         <input_file_ref idref="fl-13b"/>
      </object_component>
      <object_component id="oc-38e">
         <name>.data</name>
         <load_address>0x200178b0</load_address>
         <run_address>0x200178b0</run_address>
         <size>0x80</size>
         <input_file_ref idref="fl-154"/>
      </object_component>
      <object_component id="oc-399">
         <name>.data</name>
         <load_address>0x20017954</load_address>
         <run_address>0x20017954</run_address>
         <size>0x4</size>
         <input_file_ref idref="fl-155"/>
      </object_component>
      <object_component id="oc-3bd">
         <name>.data</name>
         <load_address>0x2001794c</load_address>
         <run_address>0x2001794c</run_address>
         <size>0x8</size>
         <input_file_ref idref="fl-156"/>
      </object_component>
      <object_component id="oc-3d8">
         <name>.data:sigtable</name>
         <load_address>0x20017800</load_address>
         <run_address>0x20017800</run_address>
         <size>0xb0</size>
         <input_file_ref idref="fl-158"/>
      </object_component>
      <object_component id="oc-11f">
         <name>.debug_info</name>
         <load_address>0x0</load_address>
         <run_address>0x0</run_address>
         <size>0x7b4</size>
         <input_file_ref idref="fl-2"/>
      </object_component>
      <object_component id="oc-11c">
         <name>.debug_info</name>
         <load_address>0x7b4</load_address>
         <run_address>0x7b4</run_address>
         <size>0xe9</size>
         <input_file_ref idref="fl-2"/>
      </object_component>
      <object_component id="oc-123">
         <name>.debug_info</name>
         <load_address>0x89d</load_address>
         <run_address>0x89d</run_address>
         <size>0xe9</size>
         <input_file_ref idref="fl-2"/>
      </object_component>
      <object_component id="oc-a0">
         <name>.debug_info</name>
         <load_address>0x986</load_address>
         <run_address>0x986</run_address>
         <size>0xb41</size>
         <input_file_ref idref="fl-2"/>
      </object_component>
      <object_component id="oc-2d4">
         <name>.debug_info</name>
         <load_address>0x14c7</load_address>
         <run_address>0x14c7</run_address>
         <size>0x62</size>
         <input_file_ref idref="fl-2"/>
      </object_component>
      <object_component id="oc-7e">
         <name>.debug_info</name>
         <load_address>0x1529</load_address>
         <run_address>0x1529</run_address>
         <size>0x84</size>
         <input_file_ref idref="fl-2"/>
      </object_component>
      <object_component id="oc-1a3">
         <name>.debug_info</name>
         <load_address>0x15ad</load_address>
         <run_address>0x15ad</run_address>
         <size>0x2c</size>
         <input_file_ref idref="fl-2"/>
      </object_component>
      <object_component id="oc-8e">
         <name>.debug_info</name>
         <load_address>0x15d9</load_address>
         <run_address>0x15d9</run_address>
         <size>0x2c</size>
         <input_file_ref idref="fl-2"/>
      </object_component>
      <object_component id="oc-14a">
         <name>.debug_info</name>
         <load_address>0x1605</load_address>
         <run_address>0x1605</run_address>
         <size>0x53f</size>
         <input_file_ref idref="fl-3"/>
      </object_component>
      <object_component id="oc-35">
         <name>.debug_info</name>
         <load_address>0x1b44</load_address>
         <run_address>0x1b44</run_address>
         <size>0x134</size>
         <input_file_ref idref="fl-4"/>
      </object_component>
      <object_component id="oc-10">
         <name>.debug_info</name>
         <load_address>0x1c78</load_address>
         <run_address>0x1c78</run_address>
         <size>0x119</size>
         <input_file_ref idref="fl-4"/>
      </object_component>
      <object_component id="oc-2e">
         <name>.debug_info</name>
         <load_address>0x1d91</load_address>
         <run_address>0x1d91</run_address>
         <size>0x43a</size>
         <input_file_ref idref="fl-4"/>
      </object_component>
      <object_component id="oc-1d1">
         <name>.debug_info</name>
         <load_address>0x21cb</load_address>
         <run_address>0x21cb</run_address>
         <size>0x36c</size>
         <input_file_ref idref="fl-5"/>
      </object_component>
      <object_component id="oc-e5">
         <name>.debug_info</name>
         <load_address>0x2537</load_address>
         <run_address>0x2537</run_address>
         <size>0x8ad</size>
         <input_file_ref idref="fl-5"/>
      </object_component>
      <object_component id="oc-1d9">
         <name>.debug_info</name>
         <load_address>0x2de4</load_address>
         <run_address>0x2de4</run_address>
         <size>0x110</size>
         <input_file_ref idref="fl-5"/>
      </object_component>
      <object_component id="oc-1d4">
         <name>.debug_info</name>
         <load_address>0x2ef4</load_address>
         <run_address>0x2ef4</run_address>
         <size>0x4e</size>
         <input_file_ref idref="fl-5"/>
      </object_component>
      <object_component id="oc-25">
         <name>.debug_info</name>
         <load_address>0x2f42</load_address>
         <run_address>0x2f42</run_address>
         <size>0x138</size>
         <input_file_ref idref="fl-12c"/>
      </object_component>
      <object_component id="oc-41">
         <name>.debug_info</name>
         <load_address>0x307a</load_address>
         <run_address>0x307a</run_address>
         <size>0x123</size>
         <input_file_ref idref="fl-12d"/>
      </object_component>
      <object_component id="oc-16">
         <name>.debug_info</name>
         <load_address>0x319d</load_address>
         <run_address>0x319d</run_address>
         <size>0x1c2</size>
         <input_file_ref idref="fl-12d"/>
      </object_component>
      <object_component id="oc-3c">
         <name>.debug_info</name>
         <load_address>0x335f</load_address>
         <run_address>0x335f</run_address>
         <size>0x46</size>
         <input_file_ref idref="fl-12d"/>
      </object_component>
      <object_component id="oc-84">
         <name>.debug_info</name>
         <load_address>0x33a5</load_address>
         <run_address>0x33a5</run_address>
         <size>0x2c</size>
         <input_file_ref idref="fl-12d"/>
      </object_component>
      <object_component id="oc-49">
         <name>.debug_info</name>
         <load_address>0x33d1</load_address>
         <run_address>0x33d1</run_address>
         <size>0x117</size>
         <input_file_ref idref="fl-12e"/>
      </object_component>
      <object_component id="oc-43">
         <name>.debug_info</name>
         <load_address>0x34e8</load_address>
         <run_address>0x34e8</run_address>
         <size>0x22a</size>
         <input_file_ref idref="fl-12e"/>
      </object_component>
      <object_component id="oc-19">
         <name>.debug_info</name>
         <load_address>0x3712</load_address>
         <run_address>0x3712</run_address>
         <size>0x1bc</size>
         <input_file_ref idref="fl-12e"/>
      </object_component>
      <object_component id="oc-4a">
         <name>.debug_info</name>
         <load_address>0x38ce</load_address>
         <run_address>0x38ce</run_address>
         <size>0x39</size>
         <input_file_ref idref="fl-12e"/>
      </object_component>
      <object_component id="oc-5a">
         <name>.debug_info</name>
         <load_address>0x3907</load_address>
         <run_address>0x3907</run_address>
         <size>0x112</size>
         <input_file_ref idref="fl-12f"/>
      </object_component>
      <object_component id="oc-20">
         <name>.debug_info</name>
         <load_address>0x3a19</load_address>
         <run_address>0x3a19</run_address>
         <size>0x18d</size>
         <input_file_ref idref="fl-12f"/>
      </object_component>
      <object_component id="oc-55">
         <name>.debug_info</name>
         <load_address>0x3ba6</load_address>
         <run_address>0x3ba6</run_address>
         <size>0x46</size>
         <input_file_ref idref="fl-12f"/>
      </object_component>
      <object_component id="oc-ae">
         <name>.debug_info</name>
         <load_address>0x3bec</load_address>
         <run_address>0x3bec</run_address>
         <size>0x174</size>
         <input_file_ref idref="fl-130"/>
      </object_component>
      <object_component id="oc-ab">
         <name>.debug_info</name>
         <load_address>0x3d60</load_address>
         <run_address>0x3d60</run_address>
         <size>0x119</size>
         <input_file_ref idref="fl-130"/>
      </object_component>
      <object_component id="oc-6f">
         <name>.debug_info</name>
         <load_address>0x3e79</load_address>
         <run_address>0x3e79</run_address>
         <size>0x1f0</size>
         <input_file_ref idref="fl-130"/>
      </object_component>
      <object_component id="oc-37">
         <name>.debug_info</name>
         <load_address>0x4069</load_address>
         <run_address>0x4069</run_address>
         <size>0xfa</size>
         <input_file_ref idref="fl-131"/>
      </object_component>
      <object_component id="oc-2a5">
         <name>.debug_info</name>
         <load_address>0x4163</load_address>
         <run_address>0x4163</run_address>
         <size>0x10f</size>
         <input_file_ref idref="fl-132"/>
      </object_component>
      <object_component id="oc-1c5">
         <name>.debug_info</name>
         <load_address>0x4272</load_address>
         <run_address>0x4272</run_address>
         <size>0x18e</size>
         <input_file_ref idref="fl-132"/>
      </object_component>
      <object_component id="oc-79">
         <name>.debug_info</name>
         <load_address>0x4400</load_address>
         <run_address>0x4400</run_address>
         <size>0x205</size>
         <input_file_ref idref="fl-133"/>
      </object_component>
      <object_component id="oc-2b">
         <name>.debug_info</name>
         <load_address>0x4605</load_address>
         <run_address>0x4605</run_address>
         <size>0xe4</size>
         <input_file_ref idref="fl-133"/>
      </object_component>
      <object_component id="oc-2a7">
         <name>.debug_info</name>
         <load_address>0x46e9</load_address>
         <run_address>0x46e9</run_address>
         <size>0x12f</size>
         <input_file_ref idref="fl-133"/>
      </object_component>
      <object_component id="oc-1cb">
         <name>.debug_info</name>
         <load_address>0x4818</load_address>
         <run_address>0x4818</run_address>
         <size>0x883</size>
         <input_file_ref idref="fl-133"/>
      </object_component>
      <object_component id="oc-b4">
         <name>.debug_info</name>
         <load_address>0x509b</load_address>
         <run_address>0x509b</run_address>
         <size>0x2c</size>
         <input_file_ref idref="fl-133"/>
      </object_component>
      <object_component id="oc-b9">
         <name>.debug_info</name>
         <load_address>0x50c7</load_address>
         <run_address>0x50c7</run_address>
         <size>0x62</size>
         <input_file_ref idref="fl-133"/>
      </object_component>
      <object_component id="oc-51">
         <name>.debug_info</name>
         <load_address>0x5129</load_address>
         <run_address>0x5129</run_address>
         <size>0x12a</size>
         <input_file_ref idref="fl-134"/>
      </object_component>
      <object_component id="oc-5c">
         <name>.debug_info</name>
         <load_address>0x5253</load_address>
         <run_address>0x5253</run_address>
         <size>0x12b</size>
         <input_file_ref idref="fl-135"/>
      </object_component>
      <object_component id="oc-74">
         <name>.debug_info</name>
         <load_address>0x537e</load_address>
         <run_address>0x537e</run_address>
         <size>0xec</size>
         <input_file_ref idref="fl-136"/>
      </object_component>
      <object_component id="oc-267">
         <name>.debug_info</name>
         <load_address>0x546a</load_address>
         <run_address>0x546a</run_address>
         <size>0xc8</size>
         <input_file_ref idref="fl-137"/>
      </object_component>
      <object_component id="oc-162">
         <name>.debug_info</name>
         <load_address>0x5532</load_address>
         <run_address>0x5532</run_address>
         <size>0x20b</size>
         <input_file_ref idref="fl-137"/>
      </object_component>
      <object_component id="oc-2a3">
         <name>.debug_info</name>
         <load_address>0x573d</load_address>
         <run_address>0x573d</run_address>
         <size>0xcd</size>
         <input_file_ref idref="fl-138"/>
      </object_component>
      <object_component id="oc-1bf">
         <name>.debug_info</name>
         <load_address>0x580a</load_address>
         <run_address>0x580a</run_address>
         <size>0x1dd</size>
         <input_file_ref idref="fl-138"/>
      </object_component>
      <object_component id="oc-265">
         <name>.debug_info</name>
         <load_address>0x59e7</load_address>
         <run_address>0x59e7</run_address>
         <size>0x128</size>
         <input_file_ref idref="fl-139"/>
      </object_component>
      <object_component id="oc-262">
         <name>.debug_info</name>
         <load_address>0x5b0f</load_address>
         <run_address>0x5b0f</run_address>
         <size>0xdd</size>
         <input_file_ref idref="fl-139"/>
      </object_component>
      <object_component id="oc-15c">
         <name>.debug_info</name>
         <load_address>0x5bec</load_address>
         <run_address>0x5bec</run_address>
         <size>0x183</size>
         <input_file_ref idref="fl-139"/>
      </object_component>
      <object_component id="oc-297">
         <name>.debug_info</name>
         <load_address>0x5d6f</load_address>
         <run_address>0x5d6f</run_address>
         <size>0x1b0</size>
         <input_file_ref idref="fl-13a"/>
      </object_component>
      <object_component id="oc-1b9">
         <name>.debug_info</name>
         <load_address>0x5f1f</load_address>
         <run_address>0x5f1f</run_address>
         <size>0x37d</size>
         <input_file_ref idref="fl-13a"/>
      </object_component>
      <object_component id="oc-298">
         <name>.debug_info</name>
         <load_address>0x629c</load_address>
         <run_address>0x629c</run_address>
         <size>0x2c</size>
         <input_file_ref idref="fl-13a"/>
      </object_component>
      <object_component id="oc-29d">
         <name>.debug_info</name>
         <load_address>0x62c8</load_address>
         <run_address>0x62c8</run_address>
         <size>0x69</size>
         <input_file_ref idref="fl-13a"/>
      </object_component>
      <object_component id="oc-18f">
         <name>.debug_info</name>
         <load_address>0x6331</load_address>
         <run_address>0x6331</run_address>
         <size>0x107</size>
         <input_file_ref idref="fl-13b"/>
      </object_component>
      <object_component id="oc-a8">
         <name>.debug_info</name>
         <load_address>0x6438</load_address>
         <run_address>0x6438</run_address>
         <size>0xf6</size>
         <input_file_ref idref="fl-13b"/>
      </object_component>
      <object_component id="oc-188">
         <name>.debug_info</name>
         <load_address>0x652e</load_address>
         <run_address>0x652e</run_address>
         <size>0x202</size>
         <input_file_ref idref="fl-13b"/>
      </object_component>
      <object_component id="oc-330">
         <name>.debug_info</name>
         <load_address>0x6730</load_address>
         <run_address>0x6730</run_address>
         <size>0x3ae</size>
         <input_file_ref idref="fl-13c"/>
      </object_component>
      <object_component id="oc-291">
         <name>.debug_info</name>
         <load_address>0x6ade</load_address>
         <run_address>0x6ade</run_address>
         <size>0x1813</size>
         <input_file_ref idref="fl-13c"/>
      </object_component>
      <object_component id="oc-331">
         <name>.debug_info</name>
         <load_address>0x82f1</load_address>
         <run_address>0x82f1</run_address>
         <size>0x86</size>
         <input_file_ref idref="fl-13c"/>
      </object_component>
      <object_component id="oc-37b">
         <name>.debug_info</name>
         <load_address>0x8377</load_address>
         <run_address>0x8377</run_address>
         <size>0x46</size>
         <input_file_ref idref="fl-13c"/>
      </object_component>
      <object_component id="oc-336">
         <name>.debug_info</name>
         <load_address>0x83bd</load_address>
         <run_address>0x83bd</run_address>
         <size>0x39</size>
         <input_file_ref idref="fl-13c"/>
      </object_component>
      <object_component id="oc-a6">
         <name>.debug_info</name>
         <load_address>0x83f6</load_address>
         <run_address>0x83f6</run_address>
         <size>0x149</size>
         <input_file_ref idref="fl-13d"/>
      </object_component>
      <object_component id="oc-68">
         <name>.debug_info</name>
         <load_address>0x853f</load_address>
         <run_address>0x853f</run_address>
         <size>0x14a</size>
         <input_file_ref idref="fl-13d"/>
      </object_component>
      <object_component id="oc-182">
         <name>.debug_info</name>
         <load_address>0x8689</load_address>
         <run_address>0x8689</run_address>
         <size>0x5e</size>
         <input_file_ref idref="fl-13d"/>
      </object_component>
      <object_component id="oc-378">
         <name>.debug_info</name>
         <load_address>0x86e7</load_address>
         <run_address>0x86e7</run_address>
         <size>0xf7</size>
         <input_file_ref idref="fl-13e"/>
      </object_component>
      <object_component id="oc-32a">
         <name>.debug_info</name>
         <load_address>0x87de</load_address>
         <run_address>0x87de</run_address>
         <size>0x154</size>
         <input_file_ref idref="fl-13e"/>
      </object_component>
      <object_component id="oc-9e">
         <name>.debug_info</name>
         <load_address>0x8932</load_address>
         <run_address>0x8932</run_address>
         <size>0x2a0</size>
         <input_file_ref idref="fl-13f"/>
      </object_component>
      <object_component id="oc-62">
         <name>.debug_info</name>
         <load_address>0x8bd2</load_address>
         <run_address>0x8bd2</run_address>
         <size>0x15a</size>
         <input_file_ref idref="fl-13f"/>
      </object_component>
      <object_component id="oc-c2">
         <name>.debug_info</name>
         <load_address>0x8d2c</load_address>
         <run_address>0x8d2c</run_address>
         <size>0x39</size>
         <input_file_ref idref="fl-13f"/>
      </object_component>
      <object_component id="oc-c7">
         <name>.debug_info</name>
         <load_address>0x8d65</load_address>
         <run_address>0x8d65</run_address>
         <size>0xcd</size>
         <input_file_ref idref="fl-13f"/>
      </object_component>
      <object_component id="oc-bf">
         <name>.debug_info</name>
         <load_address>0x8e32</load_address>
         <run_address>0x8e32</run_address>
         <size>0x1c3</size>
         <input_file_ref idref="fl-140"/>
      </object_component>
      <object_component id="oc-98">
         <name>.debug_info</name>
         <load_address>0x8ff5</load_address>
         <run_address>0x8ff5</run_address>
         <size>0x17f</size>
         <input_file_ref idref="fl-140"/>
      </object_component>
      <object_component id="oc-197">
         <name>.debug_info</name>
         <load_address>0x9174</load_address>
         <run_address>0x9174</run_address>
         <size>0x2c</size>
         <input_file_ref idref="fl-140"/>
      </object_component>
      <object_component id="oc-3a7">
         <name>.debug_info</name>
         <load_address>0x91a0</load_address>
         <run_address>0x91a0</run_address>
         <size>0xd1</size>
         <input_file_ref idref="fl-141"/>
      </object_component>
      <object_component id="oc-375">
         <name>.debug_info</name>
         <load_address>0x9271</load_address>
         <run_address>0x9271</run_address>
         <size>0xdd</size>
         <input_file_ref idref="fl-141"/>
      </object_component>
      <object_component id="oc-307">
         <name>.debug_info</name>
         <load_address>0x934e</load_address>
         <run_address>0x934e</run_address>
         <size>0x12d</size>
         <input_file_ref idref="fl-142"/>
      </object_component>
      <object_component id="oc-2e3">
         <name>.debug_info</name>
         <load_address>0x947b</load_address>
         <run_address>0x947b</run_address>
         <size>0x109</size>
         <input_file_ref idref="fl-143"/>
      </object_component>
      <object_component id="oc-2f2">
         <name>.debug_info</name>
         <load_address>0x9584</load_address>
         <run_address>0x9584</run_address>
         <size>0x10b</size>
         <input_file_ref idref="fl-143"/>
      </object_component>
      <object_component id="oc-2ed">
         <name>.debug_info</name>
         <load_address>0x968f</load_address>
         <run_address>0x968f</run_address>
         <size>0x11b</size>
         <input_file_ref idref="fl-144"/>
      </object_component>
      <object_component id="oc-2e8">
         <name>.debug_info</name>
         <load_address>0x97aa</load_address>
         <run_address>0x97aa</run_address>
         <size>0x11b</size>
         <input_file_ref idref="fl-145"/>
      </object_component>
      <object_component id="oc-2f7">
         <name>.debug_info</name>
         <load_address>0x98c5</load_address>
         <run_address>0x98c5</run_address>
         <size>0x10f</size>
         <input_file_ref idref="fl-146"/>
      </object_component>
      <object_component id="oc-35f">
         <name>.debug_info</name>
         <load_address>0x99d4</load_address>
         <run_address>0x99d4</run_address>
         <size>0x16f</size>
         <input_file_ref idref="fl-147"/>
      </object_component>
      <object_component id="oc-30c">
         <name>.debug_info</name>
         <load_address>0x9b43</load_address>
         <run_address>0x9b43</run_address>
         <size>0x170</size>
         <input_file_ref idref="fl-147"/>
      </object_component>
      <object_component id="oc-303">
         <name>.debug_info</name>
         <load_address>0x9cb3</load_address>
         <run_address>0x9cb3</run_address>
         <size>0x10d</size>
         <input_file_ref idref="fl-148"/>
      </object_component>
      <object_component id="oc-36d">
         <name>.debug_info</name>
         <load_address>0x9dc0</load_address>
         <run_address>0x9dc0</run_address>
         <size>0x171</size>
         <input_file_ref idref="fl-149"/>
      </object_component>
      <object_component id="oc-313">
         <name>.debug_info</name>
         <load_address>0x9f31</load_address>
         <run_address>0x9f31</run_address>
         <size>0x167</size>
         <input_file_ref idref="fl-149"/>
      </object_component>
      <object_component id="oc-355">
         <name>.debug_info</name>
         <load_address>0xa098</load_address>
         <run_address>0xa098</run_address>
         <size>0x12f</size>
         <input_file_ref idref="fl-14a"/>
      </object_component>
      <object_component id="oc-2fc">
         <name>.debug_info</name>
         <load_address>0xa1c7</load_address>
         <run_address>0xa1c7</run_address>
         <size>0x1a5</size>
         <input_file_ref idref="fl-14a"/>
      </object_component>
      <object_component id="oc-373">
         <name>.debug_info</name>
         <load_address>0xa36c</load_address>
         <run_address>0xa36c</run_address>
         <size>0xd4</size>
         <input_file_ref idref="fl-14b"/>
      </object_component>
      <object_component id="oc-324">
         <name>.debug_info</name>
         <load_address>0xa440</load_address>
         <run_address>0xa440</run_address>
         <size>0x18e</size>
         <input_file_ref idref="fl-14b"/>
      </object_component>
      <object_component id="oc-36f">
         <name>.debug_info</name>
         <load_address>0xa5ce</load_address>
         <run_address>0xa5ce</run_address>
         <size>0xd8</size>
         <input_file_ref idref="fl-14c"/>
      </object_component>
      <object_component id="oc-318">
         <name>.debug_info</name>
         <load_address>0xa6a6</load_address>
         <run_address>0xa6a6</run_address>
         <size>0x1f7</size>
         <input_file_ref idref="fl-14c"/>
      </object_component>
      <object_component id="oc-2c6">
         <name>.debug_info</name>
         <load_address>0xa89d</load_address>
         <run_address>0xa89d</run_address>
         <size>0xce</size>
         <input_file_ref idref="fl-14d"/>
      </object_component>
      <object_component id="oc-25c">
         <name>.debug_info</name>
         <load_address>0xa96b</load_address>
         <run_address>0xa96b</run_address>
         <size>0x170</size>
         <input_file_ref idref="fl-14d"/>
      </object_component>
      <object_component id="oc-2c4">
         <name>.debug_info</name>
         <load_address>0xaadb</load_address>
         <run_address>0xaadb</run_address>
         <size>0xd3</size>
         <input_file_ref idref="fl-14e"/>
      </object_component>
      <object_component id="oc-256">
         <name>.debug_info</name>
         <load_address>0xabae</load_address>
         <run_address>0xabae</run_address>
         <size>0x19b</size>
         <input_file_ref idref="fl-14e"/>
      </object_component>
      <object_component id="oc-2e0">
         <name>.debug_info</name>
         <load_address>0xad49</load_address>
         <run_address>0xad49</run_address>
         <size>0x168</size>
         <input_file_ref idref="fl-14f"/>
      </object_component>
      <object_component id="oc-371">
         <name>.debug_info</name>
         <load_address>0xaeb1</load_address>
         <run_address>0xaeb1</run_address>
         <size>0x122</size>
         <input_file_ref idref="fl-150"/>
      </object_component>
      <object_component id="oc-31e">
         <name>.debug_info</name>
         <load_address>0xafd3</load_address>
         <run_address>0xafd3</run_address>
         <size>0x15d</size>
         <input_file_ref idref="fl-150"/>
      </object_component>
      <object_component id="oc-392">
         <name>.debug_info</name>
         <load_address>0xb130</load_address>
         <run_address>0xb130</run_address>
         <size>0x182</size>
         <input_file_ref idref="fl-151"/>
      </object_component>
      <object_component id="oc-362">
         <name>.debug_info</name>
         <load_address>0xb2b2</load_address>
         <run_address>0xb2b2</run_address>
         <size>0x194</size>
         <input_file_ref idref="fl-151"/>
      </object_component>
      <object_component id="oc-3b0">
         <name>.debug_info</name>
         <load_address>0xb446</load_address>
         <run_address>0xb446</run_address>
         <size>0x86</size>
         <input_file_ref idref="fl-151"/>
      </object_component>
      <object_component id="oc-38b">
         <name>.debug_info</name>
         <load_address>0xb4cc</load_address>
         <run_address>0xb4cc</run_address>
         <size>0x16c</size>
         <input_file_ref idref="fl-152"/>
      </object_component>
      <object_component id="oc-35c">
         <name>.debug_info</name>
         <load_address>0xb638</load_address>
         <run_address>0xb638</run_address>
         <size>0x175</size>
         <input_file_ref idref="fl-152"/>
      </object_component>
      <object_component id="oc-368">
         <name>.debug_info</name>
         <load_address>0xb7ad</load_address>
         <run_address>0xb7ad</run_address>
         <size>0x155</size>
         <input_file_ref idref="fl-153"/>
      </object_component>
      <object_component id="oc-38f">
         <name>.debug_info</name>
         <load_address>0xb902</load_address>
         <run_address>0xb902</run_address>
         <size>0x1b7</size>
         <input_file_ref idref="fl-154"/>
      </object_component>
      <object_component id="oc-39a">
         <name>.debug_info</name>
         <load_address>0xbab9</load_address>
         <run_address>0xbab9</run_address>
         <size>0xd8</size>
         <input_file_ref idref="fl-155"/>
      </object_component>
      <object_component id="oc-3d6">
         <name>.debug_info</name>
         <load_address>0xbb91</load_address>
         <run_address>0xbb91</run_address>
         <size>0x1af</size>
         <input_file_ref idref="fl-156"/>
      </object_component>
      <object_component id="oc-3be">
         <name>.debug_info</name>
         <load_address>0xbd40</load_address>
         <run_address>0xbd40</run_address>
         <size>0x110</size>
         <input_file_ref idref="fl-156"/>
      </object_component>
      <object_component id="oc-394">
         <name>.debug_info</name>
         <load_address>0xbe50</load_address>
         <run_address>0xbe50</run_address>
         <size>0x171</size>
         <input_file_ref idref="fl-156"/>
      </object_component>
      <object_component id="oc-3d1">
         <name>.debug_info</name>
         <load_address>0xbfc1</load_address>
         <run_address>0xbfc1</run_address>
         <size>0x6f</size>
         <input_file_ref idref="fl-156"/>
      </object_component>
      <object_component id="oc-3ce">
         <name>.debug_info</name>
         <load_address>0xc030</load_address>
         <run_address>0xc030</run_address>
         <size>0xff</size>
         <input_file_ref idref="fl-157"/>
      </object_component>
      <object_component id="oc-3b8">
         <name>.debug_info</name>
         <load_address>0xc12f</load_address>
         <run_address>0xc12f</run_address>
         <size>0x156</size>
         <input_file_ref idref="fl-157"/>
      </object_component>
      <object_component id="oc-3df">
         <name>.debug_info</name>
         <load_address>0xc285</load_address>
         <run_address>0xc285</run_address>
         <size>0x2c</size>
         <input_file_ref idref="fl-157"/>
      </object_component>
      <object_component id="oc-3dc">
         <name>.debug_info</name>
         <load_address>0xc2b1</load_address>
         <run_address>0xc2b1</run_address>
         <size>0x11f</size>
         <input_file_ref idref="fl-158"/>
      </object_component>
      <object_component id="oc-3d9">
         <name>.debug_info</name>
         <load_address>0xc3d0</load_address>
         <run_address>0xc3d0</run_address>
         <size>0xdd</size>
         <input_file_ref idref="fl-158"/>
      </object_component>
      <object_component id="oc-3c8">
         <name>.debug_info</name>
         <load_address>0xc4ad</load_address>
         <run_address>0xc4ad</run_address>
         <size>0x16c</size>
         <input_file_ref idref="fl-158"/>
      </object_component>
      <object_component id="oc-3ab">
         <name>.debug_info</name>
         <load_address>0xc619</load_address>
         <run_address>0xc619</run_address>
         <size>0x137</size>
         <input_file_ref idref="fl-159"/>
      </object_component>
      <object_component id="oc-385">
         <name>.debug_info</name>
         <load_address>0xc750</load_address>
         <run_address>0xc750</run_address>
         <size>0x14f</size>
         <input_file_ref idref="fl-159"/>
      </object_component>
      <object_component id="oc-16e">
         <name>.debug_info</name>
         <load_address>0xc89f</load_address>
         <run_address>0xc89f</run_address>
         <size>0x229</size>
         <input_file_ref idref="fl-15a"/>
      </object_component>
      <object_component id="oc-174">
         <name>.debug_info</name>
         <load_address>0xcac8</load_address>
         <run_address>0xcac8</run_address>
         <size>0x1fb</size>
         <input_file_ref idref="fl-15a"/>
      </object_component>
      <object_component id="oc-150">
         <name>.debug_info</name>
         <load_address>0xccc3</load_address>
         <run_address>0xccc3</run_address>
         <size>0x220</size>
         <input_file_ref idref="fl-15a"/>
      </object_component>
[...]
      <symbol id="sm-1b7">
         <name>abort</name>
         <value>0x20007d1d</value>
         <object_component_ref idref="oc-6d"/>
      </symbol>
      <symbol id="sm-1b8">
         <name>exit</name>
         <value>0x20007d25</value>
         <object_component_ref idref="oc-6d"/>
      </symbol>
      <symbol id="sm-1b9">
         <name>__TI_dtors_ptr</name>
         <value>0x20017948</value>
         <object_component_ref idref="oc-aa"/>
      </symbol>
      <symbol id="sm-1ba">
         <name>__TI_cleanup_ptr</name>
         <value>0x20017944</value>
         <object_component_ref idref="oc-aa"/>
      </symbol>
      <symbol id="sm-1d5">
         <name>memcpy</name>
         <value>0x20007349</value>
         <object_component_ref idref="oc-36"/>
      </symbol>
      <symbol id="sm-1d6">
         <name>__aeabi_memcpy</name>
         <value>0x20007349</value>
         <object_component_ref idref="oc-36"/>
      </symbol>
      <symbol id="sm-1d7">
         <name>__aeabi_memcpy8</name>
         <value>0x20007349</value>
         <object_component_ref idref="oc-36"/>
      </symbol>
      <symbol id="sm-1d8">
         <name>__aeabi_memcpy4</name>
         <value>0x20007349</value>
         <object_component_ref idref="oc-36"/>
      </symbol>
      <symbol id="sm-1e8">
         <name>memmove</name>
         <value>0x200080d9</value>
         <object_component_ref idref="oc-1c4"/>
      </symbol>
      <symbol id="sm-25f">
         <name>_sys_memory</name>
         <value>0x20017000</value>
         <object_component_ref idref="oc-2a"/>
      </symbol>
      <symbol id="sm-260">
         <name>free</name>
         <value>0x20005f9f</value>
         <object_component_ref idref="oc-1ca"/>
      </symbol>
      <symbol id="sm-261">
         <name>realloc</name>
         <value>0x20006061</value>
         <object_component_ref idref="oc-1ca"/>
      </symbol>
      <symbol id="sm-262">
         <name>memalign</name>
         <value>0x2000616d</value>
         <object_component_ref idref="oc-1ca"/>
      </symbol>
      <symbol id="sm-263">
         <name>calloc</name>
         <value>0x20006251</value>
         <object_component_ref idref="oc-1ca"/>
      </symbol>
      <symbol id="sm-264">
         <name>malloc</name>
         <value>0x20005f37</value>
         <object_component_ref idref="oc-1ca"/>
      </symbol>
      <symbol id="sm-265">
         <name>minit</name>
         <value>0x20005ea9</value>
         <object_component_ref idref="oc-1ca"/>
      </symbol>
      <symbol id="sm-274">
         <name>__aeabi_memset</name>
         <value>0x2000779b</value>
         <object_component_ref idref="oc-4f"/>
      </symbol>
      <symbol id="sm-275">
         <name>memset</name>
         <value>0x200077a1</value>
         <object_component_ref idref="oc-4f"/>
      </symbol>
      <symbol id="sm-276">
         <name>__aeabi_memset8</name>
         <value>0x2000779b</value>
         <object_component_ref idref="oc-4f"/>
      </symbol>
      <symbol id="sm-277">
         <name>__aeabi_memset4</name>
         <value>0x2000779b</value>
         <object_component_ref idref="oc-4f"/>
      </symbol>
      <symbol id="sm-278">
         <name>__aeabi_memclr8</name>
         <value>0x20007799</value>
         <object_component_ref idref="oc-4f"/>
      </symbol>
      <symbol id="sm-279">
         <name>__aeabi_memclr4</name>
         <value>0x20007799</value>
         <object_component_ref idref="oc-4f"/>
      </symbol>
      <symbol id="sm-27a">
         <name>__aeabi_memclr</name>
         <value>0x20007799</value>
         <object_component_ref idref="oc-4f"/>
      </symbol>
      <symbol id="sm-284">
         <name>_system_pre_init</name>
         <value>0x200083ef</value>
         <object_component_ref idref="oc-5b"/>
      </symbol>
      <symbol id="sm-28c">
         <name>main_func_sp</name>
         <value>0x20017958</value>
         <object_component_ref idref="oc-73"/>
      </symbol>
      <symbol id="sm-29b">
         <name>strcmp</name>
         <value>0x200082dd</value>
         <object_component_ref idref="oc-161"/>
      </symbol>
      <symbol id="sm-2a9">
         <name>strlen</name>
         <value>0x2000839d</value>
         <object_component_ref idref="oc-1be"/>
      </symbol>
      <symbol id="sm-2c1">
         <name>strtok</name>
         <value>0x20007ddd</value>
         <object_component_ref idref="oc-15b"/>
      </symbol>
      <symbol id="sm-2e2">
         <name>vsnprintf</name>
         <value>0x20007589</value>
         <object_component_ref idref="oc-1b8"/>
      </symbol>
      <symbol id="sm-2fb">
         <name>_nop</name>
         <value>0x20008397</value>
         <object_component_ref idref="oc-187"/>
      </symbol>
      <symbol id="sm-2fc">
         <name>_lock</name>
         <value>0x2001793c</value>
         <object_component_ref idref="oc-a7"/>
      </symbol>
      <symbol id="sm-2fd">
         <name>_unlock</name>
         <value>0x20017940</value>
         <object_component_ref idref="oc-a7"/>
      </symbol>
      <symbol id="sm-2fe">
         <name>_register_lock</name>
         <value>0x2000838f</value>
         <object_component_ref idref="oc-187"/>
      </symbol>
      <symbol id="sm-2ff">
         <name>_register_unlock</name>
         <value>0x20008389</value>
         <object_component_ref idref="oc-187"/>
      </symbol>
      <symbol id="sm-404">
         <name>__TI_printfi</name>
         <value>0x200051b5</value>
         <object_component_ref idref="oc-290"/>
      </symbol>
      <symbol id="sm-419">
         <name>_args_main</name>
         <value>0x200082c5</value>
         <object_component_ref idref="oc-67"/>
      </symbol>
      <symbol id="sm-42f">
         <name>atoi</name>
         <value>0x20007bad</value>
         <object_component_ref idref="oc-329"/>
      </symbol>
      <symbol id="sm-455">
         <name>__TI_auto_init</name>
         <value>0x20007889</value>
         <object_component_ref idref="oc-61"/>
      </symbol>
      <symbol id="sm-46f">
         <name>copy_in</name>
         <value>0x20007bf9</value>
         <object_component_ref idref="oc-97"/>
      </symbol>
      <symbol id="sm-47a">
         <name>_ctypes_</name>
         <value>0x200083f4</value>
         <object_component_ref idref="oc-374"/>
      </symbol>
      <symbol id="sm-49e">
         <name>__aeabi_dsub</name>
         <value>0x200068c1</value>
         <object_component_ref idref="oc-306"/>
      </symbol>
      <symbol id="sm-49f">
         <name>__aeabi_dadd</name>
         <value>0x200068cb</value>
         <object_component_ref idref="oc-306"/>
      </symbol>
      <symbol id="sm-4c6">
         <name>__aeabi_cdcmpeq</name>
         <value>0x20007611</value>
         <object_component_ref idref="oc-2e2"/>
      </symbol>
      <symbol id="sm-4c7">
         <name>__aeabi_cdcmple</name>
         <value>0x20007611</value>
         <object_component_ref idref="oc-2e2"/>
      </symbol>
      <symbol id="sm-4c8">
         <name>__aeabi_cdrcmple</name>
         <value>0x20007697</value>
         <object_component_ref idref="oc-2f1"/>
      </symbol>
      <symbol id="sm-4e8">
         <name>__aeabi_ddiv</name>
         <value>0x20006a77</value>
         <object_component_ref idref="oc-2ec"/>
      </symbol>
      <symbol id="sm-4ff">
         <name>__aeabi_dmul</name>
         <value>0x20006df1</value>
         <object_component_ref idref="oc-2e7"/>
      </symbol>
      <symbol id="sm-50d">
         <name>__aeabi_d2iz</name>
         <value>0x20007c8d</value>
         <object_component_ref idref="oc-2f6"/>
      </symbol>
      <symbol id="sm-51a">
         <name>frexp</name>
         <value>0x20008037</value>
         <object_component_ref idref="oc-30b"/>
      </symbol>
      <symbol id="sm-526">
         <name>__aeabi_i2d</name>
         <value>0x20007f85</value>
         <object_component_ref idref="oc-301"/>
      </symbol>
      <symbol id="sm-537">
         <name>ldexp</name>
         <value>0x20007a73</value>
         <object_component_ref idref="oc-311"/>
      </symbol>
      <symbol id="sm-546">
         <name>ltoa</name>
         <value>0x20007a1d</value>
         <object_component_ref idref="oc-2fb"/>
      </symbol>
      <symbol id="sm-556">
         <name>memccpy</name>
         <value>0x200081fb</value>
         <object_component_ref idref="oc-323"/>
      </symbol>
      <symbol id="sm-566">
         <name>strchr</name>
         <value>0x20008337</value>
         <object_component_ref idref="oc-317"/>
      </symbol>
      <symbol id="sm-577">
         <name>strcspn</name>
         <value>0x200080fd</value>
         <object_component_ref idref="oc-25b"/>
      </symbol>
      <symbol id="sm-589">
         <name>strspn</name>
         <value>0x20008061</value>
         <object_component_ref idref="oc-255"/>
      </symbol>
      <symbol id="sm-5b3">
         <name>__aeabi_uldivmod</name>
         <value>0x200064f1</value>
         <object_component_ref idref="oc-2dd"/>
      </symbol>
      <symbol id="sm-5c1">
         <name>_Dclass</name>
         <value>0x20007f25</value>
         <object_component_ref idref="oc-31d"/>
      </symbol>
      <symbol id="sm-5e2">
         <name>_Dscale</name>
         <value>0x20006ce1</value>
         <object_component_ref idref="oc-360"/>
      </symbol>
      <symbol id="sm-5f6">
         <name>_Dunscale</name>
         <value>0x2000795f</value>
         <object_component_ref idref="oc-358"/>
      </symbol>
      <symbol id="sm-605">
         <name>_Feraise</name>
         <value>0x20007f55</value>
         <object_component_ref idref="oc-366"/>
      </symbol>
      <symbol id="sm-615">
         <name>_Rteps</name>
         <value>0x20017910</value>
         <object_component_ref idref="oc-38e"/>
      </symbol>
      <symbol id="sm-616">
         <name>_Zero</name>
         <value>0x20017928</value>
         <object_component_ref idref="oc-38e"/>
      </symbol>
      <symbol id="sm-617">
         <name>_Hugeval</name>
         <value>0x200178d0</value>
         <object_component_ref idref="oc-38e"/>
      </symbol>
      <symbol id="sm-618">
         <name>_Snan</name>
         <value>0x20017900</value>
         <object_component_ref idref="oc-38e"/>
      </symbol>
      <symbol id="sm-619">
         <name>_Nan</name>
         <value>0x200178f0</value>
         <object_component_ref idref="oc-38e"/>
      </symbol>
      <symbol id="sm-61a">
         <name>_Inf</name>
         <value>0x200178e0</value>
         <object_component_ref idref="oc-38e"/>
      </symbol>
      <symbol id="sm-61b">
         <name>_Xbig</name>
         <value>0x20017920</value>
         <object_component_ref idref="oc-38e"/>
      </symbol>
      <symbol id="sm-61c">
         <name>_Eps</name>
         <value>0x200178c0</value>
         <object_component_ref idref="oc-38e"/>
      </symbol>
      <symbol id="sm-61d">
         <name>_Denorm</name>
         <value>0x200178b0</value>
         <object_component_ref idref="oc-38e"/>
      </symbol>
      <symbol id="sm-625">
         <name>_Errno</name>
         <value>0x20017954</value>
         <object_component_ref idref="oc-399"/>
      </symbol>
      <symbol id="sm-643">
         <name>feraiseexcept</name>
         <value>0x20007e91</value>
         <object_component_ref idref="oc-393"/>
      </symbol>
      <symbol id="sm-644">
         <name>_Tls_setup__Fenv</name>
         <value>0x20017950</value>
         <object_component_ref idref="oc-3bd"/>
      </symbol>
      <symbol id="sm-645">
         <name>_Fenv</name>
         <value>0x2001794c</value>
         <object_component_ref idref="oc-3bd"/>
      </symbol>
      <symbol id="sm-659">
         <name>raise</name>
         <value>0x20007fb3</value>
         <object_component_ref idref="oc-3b7"/>
      </symbol>
      <symbol id="sm-673">
         <name>signal</name>
         <value>0x20007d9d</value>
         <object_component_ref idref="oc-3c7"/>
      </symbol>
      <symbol id="sm-688">
         <name>_Dnorm</name>
         <value>0x2000708b</value>
         <object_component_ref idref="oc-384"/>
      </symbol>
      <symbol id="sm-6a4">
         <name>GPIOPinRead</name>
         <value>0x20008265</value>
         <object_component_ref idref="oc-173"/>
      </symbol>
      <symbol id="sm-6a5">
         <name>GPIODirModeSet</name>
         <value>0x20007e59</value>
         <object_component_ref idref="oc-16d"/>
      </symbol>
      <symbol id="sm-6a6">
         <name>GPIOPinWrite</name>
         <value>0x20008143</value>
         <object_component_ref idref="oc-14f"/>
      </symbol>
      <symbol id="sm-6e7">
         <name>IntVTableBaseSet</name>
         <value>0x20008361</value>
         <object_component_ref idref="oc-131"/>
      </symbol>
      <symbol id="sm-6e8">
         <name>IntEnable</name>
         <value>0x20007201</value>
         <object_component_ref idref="oc-13d"/>
      </symbol>
      <symbol id="sm-6e9">
         <name>IntRegister</name>
         <value>0x20008165</value>
         <object_component_ref idref="oc-204"/>
      </symbol>
      <symbol id="sm-6ea">
         <name>IntMasterEnable</name>
         <value>0x200083d9</value>
         <object_component_ref idref="oc-137"/>
      </symbol>
      <symbol id="sm-741">
         <name>PinTypeI2C</name>
         <value>0x200081df</value>
         <object_component_ref idref="oc-249"/>
      </symbol>
      <symbol id="sm-742">
         <name>PinTypeUART</name>
         <value>0x2000824b</value>
         <object_component_ref idref="oc-243"/>
      </symbol>
      <symbol id="sm-743">
         <name>PinTypeADC</name>
         <value>0x20008375</value>
         <object_component_ref idref="oc-231"/>
      </symbol>
      <symbol id="sm-744">
         <name>PinTypeTimer</name>
         <value>0x20008231</value>
         <object_component_ref idref="oc-237"/>
      </symbol>
      <symbol id="sm-745">
         <name>PinTypeGPIO</name>
         <value>0x20007ec5</value>
         <object_component_ref idref="oc-167"/>
      </symbol>
      <symbol id="sm-746">
         <name>PinConfigSet</name>
         <value>0x20007479</value>
         <object_component_ref idref="oc-268"/>
      </symbol>
      <symbol id="sm-747">
         <name>PinTypeSPI</name>
         <value>0x20008217</value>
         <object_component_ref idref="oc-23d"/>
      </symbol>
      <symbol id="sm-748">
         <name>PinModeSet</name>
         <value>0x20007d5d</value>
         <object_component_ref idref="oc-26e"/>
      </symbol>
      <symbol id="sm-7ca">
         <name>PRCMPeripheralReset</name>
         <value>0x200079c5</value>
         <object_component_ref idref="oc-179"/>
      </symbol>
      <symbol id="sm-7cb">
         <name>PRCMPeripheralClkEnable</name>
         <value>0x20007e1d</value>
         <object_component_ref idref="oc-155"/>
      </symbol>
      <symbol id="sm-7cc">
         <name>PRCMPeripheralClockGet</name>
         <value>0x200073e5</value>
         <object_component_ref idref="oc-f0"/>
      </symbol>
      <symbol id="sm-7cd">
         <name>PRCMCC3200MCUInit</name>
         <value>0x20006bad</value>
         <object_component_ref idref="oc-143"/>
      </symbol>
      <symbol id="sm-7ce">
         <name>PRCMHIBRegWrite</name>
         <value>0x2000830b</value>
         <object_component_ref idref="oc-21e"/>
      </symbol>
      <symbol id="sm-7cf">
         <name>PRCMSysResetCauseGet</name>
         <value>0x20007fe1</value>
         <object_component_ref idref="oc-22a"/>
      </symbol>
      <symbol id="sm-7d0">
         <name>PRCMPeripheralClkDisable</name>
         <value>0x2000808d</value>
         <object_component_ref idref="oc-224"/>
      </symbol>
      <symbol id="sm-7d1">
         <name>PRCMHIBRegRead</name>
         <value>0x200082f5</value>
         <object_component_ref idref="oc-218"/>
      </symbol>
      <symbol id="sm-8b9">
         <name>SPITransfer</name>
         <value>0x20007501</value>
         <object_component_ref idref="oc-108"/>
      </symbol>
      <symbol id="sm-8ba">
         <name>SPICSEnable</name>
         <value>0x20008295</value>
         <object_component_ref idref="oc-102"/>
      </symbol>
      <symbol id="sm-8bb">
         <name>SPIDataGetNonBlocking</name>
         <value>0x2000800d</value>
         <object_component_ref idref="oc-de"/>
      </symbol>
      <symbol id="sm-8bc">
         <name>SPIDataPut</name>
         <value>0x20008185</value>
         <object_component_ref idref="oc-d8"/>
      </symbol>
      <symbol id="sm-8bd">
         <name>SPIEnable</name>
         <value>0x200082ad</value>
         <object_component_ref idref="oc-fc"/>
      </symbol>
      <symbol id="sm-8be">
         <name>SPIConfigSetExpClk</name>
         <value>0x200072a9</value>
         <object_component_ref idref="oc-f6"/>
      </symbol>
      <symbol id="sm-8bf">
         <name>SPIIntRegister</name>
         <value>0x200081a3</value>
         <object_component_ref idref="oc-125"/>
      </symbol>
      <symbol id="sm-8c0">
         <name>SPIReset</name>
         <value>0x20008121</value>
         <object_component_ref idref="oc-ea"/>
      </symbol>
      <symbol id="sm-8c1">
         <name>SPIIntStatus</name>
         <value>0x2000771d</value>
         <object_component_ref idref="oc-cc"/>
      </symbol>
      <symbol id="sm-8c2">
         <name>SPIIntEnable</name>
         <value>0x20007b15</value>
         <object_component_ref idref="oc-12b"/>
      </symbol>
      <symbol id="sm-8c3">
         <name>SPIIntClear</name>
         <value>0x20007c45</value>
         <object_component_ref idref="oc-d2"/>
      </symbol>
      <symbol id="sm-8c4">
         <name>SPICSDisable</name>
         <value>0x2000827d</value>
         <object_component_ref idref="oc-115"/>
      </symbol>
      <symbol id="sm-8f5">
         <name>UARTConfigSetExpClk</name>
         <value>0x20007813</value>
         <object_component_ref idref="oc-1ac"/>
      </symbol>
      <symbol id="sm-8f6">
         <name>UARTDisable</name>
         <value>0x20007ef5</value>
         <object_component_ref idref="oc-282"/>
      </symbol>
      <symbol id="sm-8f7">
         <name>UARTCharPut</name>
         <value>0x200081c1</value>
         <object_component_ref idref="oc-1b2"/>
      </symbol>
      <symbol id="sm-8f8">
         <name>UARTEnable</name>
         <value>0x200080b5</value>
         <object_component_ref idref="oc-288"/>
      </symbol>
      <symbol id="sm-8f9">
         <name>UARTCharGet</name>
         <value>0x20008321</value>
         <object_component_ref idref="oc-10f"/>
      </symbol>
      <symbol id="sm-8fd">
         <name>UtilsDelay</name>
         <value>0x200083e3</value>
         <object_component_ref idref="oc-10e"/>
      </symbol>
      <symbol id="sm-907">
         <name>CPUcpsie</name>
         <value>0x2000834d</value>
         <object_component_ref idref="oc-20d"/>
      </symbol>
      <symbol id="sm-90d">
         <name>__TI_static_base__</name>
         <value>0x20008760</value>
      </symbol>
      <symbol id="sm-910">
         <name>SHT$$INIT_ARRAY$$Limit</name>
         <value>0x0</value>
      </symbol>
      <symbol id="sm-911">
         <name>SHT$$INIT_ARRAY$$Base</name>
         <value>0x0</value>
      </symbol>
   </symbol_table>
   <title>Link successful</title>
</link_info>
